// Jest Snapshot v1, https://goo.gl/fbAQLP

exports[`matches snapshot 1`] = `
.c2 {
  margin: 0;
  font-size: 1.4rem;
  line-height: 1.05;
  color: #6a6a6a;
  font-weight: 300;
  -webkit-letter-spacing: 0.04rem;
  -moz-letter-spacing: 0.04rem;
  -ms-letter-spacing: 0.04rem;
  letter-spacing: 0.04rem;
}

.c8 {
  margin: 0;
  font-size: 1.6rem;
  line-height: 1.05;
}

.c15 {
  margin: 0;
  font-size: 1.2rem;
  line-height: 1.2;
  text-transform: uppercase;
  -webkit-letter-spacing: 0.1rem;
  -moz-letter-spacing: 0.1rem;
  -ms-letter-spacing: 0.1rem;
  letter-spacing: 0.1rem;
}

.c9 {
  grid-area: Name;
  -webkit-align-self: end;
  -ms-flex-item-align: end;
  align-self: end;
  margin-bottom: 0.4rem;
}

.c10 {
  grid-area: Message;
  white-space: nowrap;
  text-overflow: ellipsis;
  overflow: hidden;
  -webkit-align-self: flex-start;
  -ms-flex-item-align: start;
  align-self: flex-start;
  margin-top: 0.4rem;
}

.c11 {
  grid-area: Actions;
  display: -webkit-box;
  display: -webkit-flex;
  display: -ms-flexbox;
  display: flex;
  -webkit-align-items: center;
  -webkit-box-align: center;
  -ms-flex-align: center;
  align-items: center;
  -webkit-box-pack: center;
  -webkit-justify-content: center;
  -ms-flex-pack: center;
  justify-content: center;
  width: 9rem;
}

.c6 {
  display: grid;
  grid-template-columns: auto 1fr;
  grid-template-rows: 2.4rem 2.4rem;
  grid-template-areas: "Name Time" "Message Message";
}

.c4 {
  display: grid;
  grid-template-columns: 11rem 1fr 9rem;
  grid-template-areas: "Checkbox . Actions";
  -webkit-align-content: center;
  -ms-flex-line-pack: center;
  align-content: center;
  height: 9rem;
  min-height: 9rem;
  box-sizing: border-box;
  border-bottom: solid 0.1rem #d2d6db;
  -webkit-transition: background-color 0.15s ease-in-out;
  transition: background-color 0.15s ease-in-out;
}

.c4:hover {
  background-color: #f4f5f6;
}

.c4:hover .sc-iqAclL {
  opacity: 1;
  visibility: visible;
}

.c13 {
  display: -webkit-box;
  display: -webkit-flex;
  display: -ms-flexbox;
  display: flex;
  -webkit-align-items: center;
  -webkit-box-align: center;
  -ms-flex-align: center;
  align-items: center;
  -webkit-box-pack: center;
  -webkit-justify-content: center;
  -ms-flex-pack: center;
  justify-content: center;
  -webkit-appearance: none;
  -moz-appearance: none;
  appearance: none;
  background: none;
  -webkit-transition: background 250ms ease-in-out, color 250ms ease-in-out, border 250ms ease-in-out;
  transition: background 250ms ease-in-out, color 250ms ease-in-out, border 250ms ease-in-out;
  cursor: pointer;
  outline: none;
  box-sizing: border-box;
  width: 17rem;
  height: 4rem;
  color: #ffffff;
  border-radius: 0.5rem;
  background: #3b3f42;
  border: 0.1rem solid #3b3f42;
}

.c13:hover {
  background: #232426;
}

.c13 g {
  fill: #ffffff;
}

.c16 {
  white-space: nowrap;
}

.c5 {
  grid-template-areas: "Checkbox Actions";
  grid-template-columns: 1fr 20rem;
  border-bottom: solid 0.1rem #d2d6db;
}

.c1 {
  border-bottom: solid 0.1rem #d2d6db;
}

.c3 {
  margin-left: 4rem;
  margin-bottom: 3.2rem;
}

.c0 {
  padding-top: 3.2rem;
}

.c7 {
  margin-left: 4rem;
}

.c12 {
  width: -webkit-fit-content;
  width: -moz-fit-content;
  width: fit-content;
}

.c14 {
  padding: 0;
}

<div>
  <section
    class="c0"
  >
    <div
      class="c1"
    >
      <p
        class="c2 c3"
      >
        [value] module.settings.backupDescription
      </p>
    </div>
    <div
      class="c4 c5"
    >
      <div
        class="c6 c7"
      >
        <p
          class="c8 c9"
        >
          [value] module.settings.backupLabel
        </p>
        <p
          class="c2 c10"
          data-testid="backup-location"
        >
          C:/MuditaOs
        </p>
      </div>
      <div
        class="c11 c12"
      >
        <button
          class="c13 c14"
          size="2"
          type="button"
        >
          <p
            class="c15 c16"
          >
            [value] module.settings.backupButtonLabel
          </p>
        </button>
      </div>
    </div>
  </section>
</div>
`;
